// Jest Snapshot v1, https://goo.gl/fbAQLP

exports[`should match snapshot 1`] = `
Array [
  " ",
  <div
    className="user"
  >
    <img
      alt="name"
      className="user-image"
      id="user-profile-image"
      src="Profile image url"
    />
    <a
      href="/users/undefined"
      onClick={[Function]}
    >
      <h2>
        name
      </h2>
    </a>
    <p
      className="user-email"
    />
    <p
      className="user-user-name"
    />
  </div>,
  " ",
]
`;
